\BOOKMARK [1][]{section.2}{\376\377\000I\000n\000t\000r\000o\000d\000u\000c\000t\000i\000o\000n}{}% 1
\BOOKMARK [1][]{section.3}{\376\377\000R\000e\000l\000a\000t\000e\000d\000\040\000l\000i\000t\000e\000r\000a\000t\000u\000r\000e}{}% 2
\BOOKMARK [1][]{section.4}{\376\377\000M\000o\000d\000e\000l\000\040\000a\000n\000d\000\040\000B\000e\000r\000m\000u\000d\000a\000n\000\040\000s\000t\000o\000p\000p\000i\000n\000g\000\040\000p\000r\000o\000b\000l\000e\000m}{}% 3
\BOOKMARK [2][]{subsection.5}{\376\377\000S\000t\000o\000c\000h\000a\000s\000t\000i\000c\000\040\000b\000a\000s\000i\000s\000\040\000a\000n\000d\000\040\000g\000e\000n\000e\000r\000a\000l\000i\000z\000e\000d\000\040\000g\000D\000M\000R\000\040\000d\000y\000n\000a\000m\000i\000c\000s}{section.4}% 4
\BOOKMARK [2][]{subsection.9}{\376\377\000B\000e\000r\000m\000u\000d\000a\000n\000\040\000o\000p\000t\000i\000o\000n\000\040\000v\000a\000l\000u\000a\000t\000i\000o\000n\000\040\000a\000s\000\040\000a\000\040\000d\000i\000s\000c\000r\000e\000t\000e\000-\000t\000i\000m\000e\000\040\000s\000t\000o\000p\000p\000i\000n\000g\000\040\000p\000r\000o\000b\000l\000e\000m}{section.4}% 5
\BOOKMARK [1][]{section.11}{\376\377\000W\000e\000l\000l\000-\000p\000o\000s\000e\000d\000n\000e\000s\000s\000\040\000o\000f\000\040\000t\000h\000e\000\040\000g\000e\000n\000e\000r\000a\000l\000i\000z\000e\000d\000\040\000v\000a\000r\000i\000a\000n\000c\000e\000\040\000s\000y\000s\000t\000e\000m}{}% 6
\BOOKMARK [1][]{section.14}{\376\377\000C\000o\000n\000d\000i\000t\000i\000o\000n\000a\000l\000\040\000o\000n\000e\000-\000d\000i\000m\000e\000n\000s\000i\000o\000n\000a\000l\000\040\000P\000D\000E\000\040\000r\000e\000p\000r\000e\000s\000e\000n\000t\000a\000t\000i\000o\000n}{}% 7
\BOOKMARK [2][]{subsection.15}{\376\377\000O\000r\000t\000h\000o\000g\000o\000n\000a\000l\000i\000z\000a\000t\000i\000o\000n\000\040\000o\000n\000\040\000a\000\040\000B\000e\000r\000m\000u\000d\000a\000n\000\040\000s\000t\000e\000p}{section.14}% 8
\BOOKMARK [2][]{subsection.20}{\376\377\000C\000o\000n\000d\000i\000t\000i\000o\000n\000a\000l\000\040\000e\000x\000p\000e\000c\000t\000a\000t\000i\000o\000n\000\040\000a\000s\000\040\000a\000\040\000p\000a\000t\000h\000w\000i\000s\000e\000\040\000P\000D\000E}{section.14}% 9
\BOOKMARK [1][]{section.23}{\376\377\000C\000o\000n\000v\000e\000r\000g\000e\000n\000c\000e\000\040\000o\000f\000\040\000t\000h\000e\000\040\000t\000r\000u\000n\000c\000a\000t\000e\000d\000\040\000h\000y\000b\000r\000i\000d\000\040\000r\000e\000g\000r\000e\000s\000s\000i\000o\000n}{}% 10
\BOOKMARK [2][]{subsection.24}{\376\377\000R\000e\000g\000r\000e\000s\000s\000i\000o\000n\000\040\000s\000e\000t\000-\000u\000p\000\040\000a\000n\000d\000\040\000t\000r\000u\000n\000c\000a\000t\000i\000o\000n\000\040\000c\000o\000n\000d\000i\000t\000i\000o\000n\000s}{section.23}% 11
\BOOKMARK [2][]{subsection.34}{\376\377\000V\000e\000r\000i\000f\000i\000c\000a\000t\000i\000o\000n\000\040\000o\000f\000\040\000t\000h\000e\000\040\000h\000y\000b\000r\000i\000d\000\040\000s\000t\000r\000u\000c\000t\000u\000r\000e}{section.23}% 12
\BOOKMARK [2][]{subsection.36}{\376\377\000M\000a\000i\000n\000\040\000c\000o\000n\000v\000e\000r\000g\000e\000n\000c\000e\000\040\000t\000h\000e\000o\000r\000e\000m}{section.23}% 13
\BOOKMARK [1][]{section.38}{\376\377\000I\000m\000p\000l\000e\000m\000e\000n\000t\000a\000t\000i\000o\000n\000\040\000o\000f\000\040\000t\000h\000e\000\040\000H\000y\000b\000r\000i\000d\000\040\000L\000S\000M\000C\040\023\000P\000D\000E\000\040\000s\000c\000h\000e\000m\000e}{}% 14
\BOOKMARK [2][]{subsection.39}{\376\377\000A\000p\000p\000r\000o\000x\000i\000m\000a\000t\000i\000o\000n\000\040\000s\000p\000a\000c\000e\000s}{section.38}% 15
\BOOKMARK [2][]{subsection.40}{\376\377\000V\000a\000r\000i\000a\000n\000c\000e\000\040\000s\000i\000m\000u\000l\000a\000t\000i\000o\000n\000\040\000a\000n\000d\000\040\000a\000c\000c\000u\000m\000u\000l\000a\000t\000e\000d\000\040\000s\000t\000a\000t\000i\000s\000t\000i\000c\000s}{section.38}% 16
\BOOKMARK [2][]{subsection.41}{\376\377\000P\000a\000t\000h\000w\000i\000s\000e\000\040\000F\000F\000T\000\040\000p\000r\000o\000p\000a\000g\000a\000t\000i\000o\000n}{section.38}% 17
\BOOKMARK [2][]{subsection.43}{\376\377\000R\000e\000g\000r\000e\000s\000s\000i\000o\000n\000\040\000a\000n\000d\000\040\000b\000a\000c\000k\000w\000a\000r\000d\000\040\000r\000e\000c\000u\000r\000s\000i\000o\000n}{section.38}% 18
\BOOKMARK [2][]{subsection.45}{\376\377\000T\000i\000m\000e\000-\000z\000e\000r\000o\000\040\000d\000i\000r\000e\000c\000t\000\040\000e\000s\000t\000i\000m\000a\000t\000o\000r}{section.38}% 19
\BOOKMARK [1][]{section.63}{\376\377\000N\000u\000m\000e\000r\000i\000c\000a\000l\000\040\000e\000x\000p\000e\000r\000i\000m\000e\000n\000t\000s}{}% 20
\BOOKMARK [2][]{subsection.64}{\376\377\000E\000x\000p\000e\000r\000i\000m\000e\000n\000t\000a\000l\000\040\000s\000e\000t\000t\000i\000n\000g\000\040\000a\000n\000d\000\040\000r\000e\000f\000e\000r\000e\000n\000c\000e\000\040\000v\000a\000l\000u\000e\000s}{section.63}% 21
\BOOKMARK [2][]{subsection.69}{\376\377\000F\000i\000x\000e\000d\000\040\000p\000a\000t\000h\000\040\000b\000u\000d\000g\000e\000t\000\040\000a\000n\000d\000\040\000v\000a\000r\000y\000i\000n\000g\000\040\000E\000u\000l\000e\000r\000\040\000s\000t\000e\000p\000s}{section.63}% 22
\BOOKMARK [2][]{subsection.78}{\376\377\000F\000i\000x\000e\000d\000\040\000E\000u\000l\000e\000r\000\040\000s\000t\000e\000p\000\040\000c\000o\000u\000n\000t\000\040\000a\000n\000d\000\040\000v\000a\000r\000y\000i\000n\000g\000\040\000p\000a\000t\000h\000\040\000b\000u\000d\000g\000e\000t}{section.63}% 23
\BOOKMARK [1][]{section.87}{\376\377\000C\000o\000n\000c\000l\000u\000s\000i\000o\000n}{}% 24
\BOOKMARK [2][]{section*.88}{\376\377\000A\000c\000k\000n\000o\000w\000l\000e\000d\000g\000e\000m\000e\000n\000t\000s}{section.87}% 25
\BOOKMARK [1][]{appendix.98}{\376\377\000D\000i\000r\000e\000c\000t\000\040\000p\000r\000i\000c\000e\000s\000\040\000f\000o\000r\000\040\000t\000h\000e\000\040\000n\000u\000m\000e\000r\000i\000c\000a\000l\000\040\000e\000x\000p\000e\000r\000i\000m\000e\000n\000t\000s}{}% 26
\BOOKMARK [2][]{subsection.99}{\376\377\000B\000a\000s\000e\000l\000i\000n\000e\000\040\000n\000u\000m\000e\000r\000i\000c\000a\000l\000\040\000s\000p\000e\000c\000i\000f\000i\000c\000a\000t\000i\000o\000n}{appendix.98}% 27
