COMMAND: C:\Python312\python.exe D:\Mara PhD\Paper-C\To be deleted\full_numerical_studies\bgk_r02_calibrated_t1_nex12\code\hybrid_from_scratch.py

STDOUT:
Hybrid LSMC-PDE for a Bermudan put
Implementation: from-scratch volatility-only gDMR + FFT grid engine
Spot:                           100.00
Strike:                         70.00
Maturity:                       1.00
Rate:                           0.0200
Training volatility paths:      250
Low-estimator volatility paths: 250
Exercise dates:                 12
Euler steps:                    60
Asset grid points:              301
FST pad factor:                 4
FST batch size:                 256
Vol basis size:                 10
Hybrid direct price:            3.125335
Hybrid direct error:            0.111260
Hybrid low price:               2.208815
Hybrid low error:               0.467287
RESULT_JSON: {"K": 70.0, "S0": 100.0, "T": 1.0, "asset_grid_points": 301, "asset_high_factor": 3.5, "asset_low_factor": 0.3, "beta2": -0.8483969934038962, "beta3": -0.22644577389170112, "delta1": 0.94, "delta2": 0.94, "euler_steps": 60, "exercise_dates": 12, "fst_batch_size": 256, "fst_pad_factor": 4, "hybrid_direct_error": 0.11125963877199077, "hybrid_direct_price": 3.125334586137224, "hybrid_low_error": 0.4672870135192721, "hybrid_low_price": 2.2088147192832785, "internal_steps": 5.0, "kappa1": 5.5, "kappa2": 0.1, "low_paths": 250, "low_seed": 2103, "method": "Hybrid LSMC-PDE with FFT from scratch", "option_type": "put", "paths": 250, "r": 0.02, "rho12": -0.982, "rho13": -0.727, "rho23": 0.59, "seed": 2026, "sigma_perp_sq": 0.0022480748581070686, "theta": 0.078, "time_zero_exercise_in_low": false, "v0": 0.114, "v_cap": 1.5555492639541626, "vol_basis_degree": 3, "vol_basis_size": 10, "vol_quantile": 0.999, "vp0": 0.11, "vp_cap": 0.33093446493148804, "xi1": 2.689, "xi2": 0.502}


STDERR:


EXIT_CODE: 0
RUNTIME_SECONDS: 1.032894
