COMMAND: C:\Python312\python.exe D:\Mara PhD\Paper-C\To be deleted\full_robustness_reruns\bgk_r02_t1_delta05_nex12_from_scratch\code\lsmc_from_scratch.py

STDOUT:
Plain LSMC from-scratch Bermudan put engine
Model: generalized Gatheral double mean-reverting (gDMR)
Spot:                 100.00
Strike:               90.00
Maturity:             1.00
Rate:                 0.0200
Training paths:       1200000
Low-estimator paths:  1200000
Exercise dates:       12
Euler steps:          1200
Basis degree:         3
Basis size:           16
State dtype:          float32
Seed:                 2026
Low seed:             2103
Scratch root:         D:\Mara PhD\Paper-C\To be deleted\full_robustness_reruns\bgk_r02_t1_delta05_nex12_from_scratch\scratch\benchmark_K90_M1200_N1200000
LSMC direct price:    7.081850
LSMC direct error:    0.014051
LSMC low price:       7.047828
LSMC low error:       0.014007
RESULT_JSON: {"K": 90.0, "S0": 100.0, "T": 1.0, "basis_degree": 3, "basis_size": 16, "delta1": 0.5, "delta2": 0.5, "engine": "from_scratch_plain_lsmc", "euler_steps": 1200, "exercise_dates": 12, "internal_steps": 100.0, "kappa1": 5.5, "kappa2": 0.1, "low_paths": 1200000, "low_seed": 2103, "lsmc_direct_error": 0.014050769791370621, "lsmc_direct_price": 7.0818500956878, "lsmc_low_error": 0.014007371054431249, "lsmc_low_price": 7.047827740363317, "method": "LSMC Benchmark", "option_type": "put", "paths": 1200000, "r": 0.02, "rho12": -0.982, "rho13": -0.727, "rho23": 0.59, "ridge": 1e-10, "scratch_root": "D:\\Mara PhD\\Paper-C\\To be deleted\\full_robustness_reruns\\bgk_r02_t1_delta05_nex12_from_scratch\\scratch\\benchmark_K90_M1200_N1200000", "seed": 2026, "state_dtype": "float32", "theta": 0.078, "v0": 0.114, "vp0": 0.11, "xi1": 2.689, "xi2": 0.502}


STDERR:


EXIT_CODE: 0
RUNTIME_SECONDS: 285.173369
