COMMAND: python D:\Mara PhD\Paper-C\To be deleted\benchmark_code_exact\run_bgk_r03_benchmark_put.py

STDOUT/STDERR:
LSMC benchmark for a Bermudan put
Model: generalized Gatheral double mean-reverting (gDMR)
Option type:          put
Spot:                 100.00
Strike:               90.00
Maturity:             1.00
Rate:                 0.0200
Training paths:       500000
Low-estimator paths:  500000
Exercise dates:       12
Euler steps:          100
Internal steps:       8.33333
Basis degree:         3
Basis size:           16
Seed:                 2026
Low seed:             2103
Scratch root:         D:\Mara PhD\Paper-C\To be deleted\scratch\exact_m100_n500k
LSMC direct price:    7.856525
LSMC direct error:    0.022662
LSMC low price:       7.835490
LSMC low error:       0.022654
RESULT_JSON: {"K": 90.0, "S0": 100.0, "T": 1.0, "basis_degree": 3, "basis_size": 16, "delta1": 0.5, "delta2": 0.5, "euler_steps": 100, "exercise_dates": 12, "internal_steps": 8.333333333333334, "kappa1": 5.5, "kappa2": 0.1, "low_paths": 500000, "low_seed": 2103, "lsmc_direct_error": 0.022661519470187606, "lsmc_direct_price": 7.856524818709953, "lsmc_low_error": 0.022653978723811672, "lsmc_low_price": 7.835489628428077, "method": "LSMC Benchmark", "option_type": "put", "paths": 500000, "r": 0.02, "rho12": -0.982, "rho13": -0.727, "rho23": 0.59, "scratch_root": "D:\\Mara PhD\\Paper-C\\To be deleted\\scratch\\exact_m100_n500k", "seed": 2026, "theta": 0.078, "v0": 0.114, "vp0": 0.11, "xi1": 2.689, "xi2": 0.502}

EXIT_CODE: 0
RUNTIME_SECONDS: 11.959132
