COMMAND: C:\Python312\python.exe D:\Mara PhD\Paper-C\To be deleted\engine\run_bgk_r03_hybrid_put.py

STDOUT:
Hybrid LSMC-PDE for a Bermudan put
Model: generalized Gatheral double mean-reverting (gDMR)
Option type:                    put
Spot:                           100.00
Strike:                         110.00
Maturity:                       1.00
Rate:                           0.0200
Training volatility paths:      20000
Low-estimator volatility paths: 1000
Exercise dates:                 12
Euler steps:                    96
Internal steps:                 8
Asset grid points:              301
Asset low factor:               0.3000
Asset high factor:              3.5000
FST pad factor:                 4
FST batch size:                 256
Vol basis degree:               3
Vol basis size:                 10
Vol truncation quantile:        0.9990
Vol truncation v cap:           2.894518
Vol truncation vp cap:          0.814180
Seed:                           2026
Low seed:                       2103
beta2:                          -0.848397
beta3:                          -0.226446
sigma_perp^2:                   0.002248
Time-zero exercise in low:      False
Hybrid direct price:            15.140927
Hybrid direct error:            0.053409
Hybrid low price:               14.048342
Hybrid low error:               0.601330
RESULT_JSON: {"K": 110.0, "S0": 100.0, "T": 1.0, "asset_grid_points": 301, "asset_high_factor": 3.5, "asset_low_factor": 0.3, "beta2": -0.8483969934038962, "beta3": -0.22644577389170112, "delta1": 0.5, "delta2": 0.5, "euler_steps": 96, "exercise_dates": 12, "fst_batch_size": 256, "fst_pad_factor": 4, "hybrid_direct_error": 0.05340883221334572, "hybrid_direct_price": 15.14092685498237, "hybrid_low_error": 0.6013304807328554, "hybrid_low_price": 14.048342378536926, "internal_steps": 8.0, "kappa1": 5.5, "kappa2": 0.1, "low_paths": 1000, "low_seed": 2103, "method": "Hybrid LSMC-PDE with FFT", "option_type": "put", "paths": 20000, "r": 0.02, "rho12": -0.982, "rho13": -0.727, "rho23": 0.59, "seed": 2026, "sigma_perp_sq": 0.0022480748581070686, "theta": 0.078, "time_zero_exercise_in_low": false, "v0": 0.114, "v_cap": 2.894517660140991, "vol_basis_degree": 3, "vol_basis_size": 10, "vol_quantile": 0.999, "vp0": 0.11, "vp_cap": 0.8141800165176392, "xi1": 2.689, "xi2": 0.502}


STDERR:


EXIT_CODE: 0
RUNTIME_SECONDS: 35.528248
