COMMAND: C:\Python312\python.exe D:\Mara PhD\Paper-C\To be deleted\engine\run_bgk_r03_benchmark_put.py

STDOUT:
LSMC benchmark for a Bermudan put
Model: generalized Gatheral double mean-reverting (gDMR)
Option type:          put
Spot:                 100.00
Strike:               100.00
Maturity:             1.00
Rate:                 0.0200
Training paths:       60000
Low-estimator paths:  60000
Exercise dates:       12
Euler steps:          600
Internal steps:       50
Basis degree:         3
Basis size:           16
Seed:                 4026
Low seed:             4103
Scratch root:         D:\Mara PhD\Paper-C\To be deleted\scratch\lsmc_memmaps
LSMC direct price:    10.220545
LSMC direct error:    0.074772
LSMC low price:       10.071734
LSMC low error:       0.074079
RESULT_JSON: {"K": 100.0, "S0": 100.0, "T": 1.0, "basis_degree": 3, "basis_size": 16, "delta1": 0.5, "delta2": 0.5, "euler_steps": 600, "exercise_dates": 12, "internal_steps": 50.0, "kappa1": 5.5, "kappa2": 0.1, "low_paths": 60000, "low_seed": 4103, "lsmc_direct_error": 0.07477164996035995, "lsmc_direct_price": 10.220544717569451, "lsmc_low_error": 0.07407881580946676, "lsmc_low_price": 10.071734084399676, "lsmc_policy": "all_paths", "method": "LSMC Benchmark", "option_type": "put", "paths": 60000, "r": 0.02, "rho12": -0.982, "rho13": -0.727, "rho23": 0.59, "scratch_root": "D:\\Mara PhD\\Paper-C\\To be deleted\\scratch\\lsmc_memmaps", "seed": 4026, "theta": 0.078, "v0": 0.114, "vp0": 0.11, "xi1": 2.689, "xi2": 0.502}


STDERR:


EXIT_CODE: 0
RUNTIME_SECONDS: 5.192410
