COMMAND: C:\Python312\python.exe D:\Mara PhD\Paper-C\To be deleted\full_numerical_studies\bgk_r02_calibrated_t1_nex12\code\lsmc_from_scratch.py

STDOUT:
Plain LSMC from-scratch Bermudan put engine
Model: generalized Gatheral double mean-reverting (gDMR)
Spot:                 100.00
Strike:               100.00
Maturity:             1.00
Rate:                 0.0200
Training paths:       250
Low-estimator paths:  100
Exercise dates:       12
Euler steps:          24
Basis degree:         3
Basis size:           16
State dtype:          float32
Seed:                 2026
Low seed:             2103
Scratch root:         D:\Mara PhD\Paper-C\To be deleted\full_numerical_studies\bgk_r02_calibrated_t1_nex12\scratch\benchmark_K100_M24_N250
LSMC direct price:    12.984195
LSMC direct error:    1.203326
LSMC low price:       12.201618
LSMC low error:       1.770198
RESULT_JSON: {"K": 100.0, "S0": 100.0, "T": 1.0, "basis_degree": 3, "basis_size": 16, "delta1": 0.94, "delta2": 0.94, "engine": "from_scratch_plain_lsmc", "euler_steps": 24, "exercise_dates": 12, "internal_steps": 2.0, "kappa1": 5.5, "kappa2": 0.1, "low_paths": 100, "low_seed": 2103, "lsmc_direct_error": 1.2033257740936738, "lsmc_direct_price": 12.9841949674799, "lsmc_low_error": 1.7701982999986314, "lsmc_low_price": 12.20161766432274, "method": "LSMC Benchmark", "option_type": "put", "paths": 250, "r": 0.02, "rho12": -0.982, "rho13": -0.727, "rho23": 0.59, "ridge": 1e-10, "scratch_root": "D:\\Mara PhD\\Paper-C\\To be deleted\\full_numerical_studies\\bgk_r02_calibrated_t1_nex12\\scratch\\benchmark_K100_M24_N250", "seed": 2026, "state_dtype": "float32", "theta": 0.078, "v0": 0.114, "vp0": 0.11, "xi1": 2.689, "xi2": 0.502}


STDERR:


EXIT_CODE: 0
RUNTIME_SECONDS: 0.195210
