Hybrid LSMC-PDE for a Bermudan put
Model: generalized Gatheral double mean-reverting (gDMR)
Option type:                    put
Spot:                           100.00
Strike:                         100.00
Maturity:                       1.00
Rate:                           0.0200
Training volatility paths:      300
Low-estimator volatility paths: 300
Exercise dates:                 12
Euler steps:                    24
Internal steps:                 2
Asset grid points:              301
Asset low factor:               0.3000
Asset high factor:              3.5000
FST pad factor:                 4
FST batch size:                 256
Vol basis degree:               3
Vol basis size:                 10
Vol truncation quantile:        0.9990
Vol truncation v cap:           2.727984
Vol truncation vp cap:          0.783240
Seed:                           2026
Low seed:                       2103
beta2:                          -0.848397
beta3:                          -0.226446
sigma_perp^2:                   0.002248
Time-zero exercise in low:      False
Hybrid direct price:            11.838475
Hybrid direct error:            0.326266
Hybrid low price:               10.241210
Hybrid low error:               0.935688
RESULT_JSON: {"K": 100.0, "S0": 100.0, "T": 1.0, "asset_grid_points": 301, "asset_high_factor": 3.5, "asset_low_factor": 0.3, "beta2": -0.8483969934038962, "beta3": -0.22644577389170112, "delta1": 0.5, "delta2": 0.5, "euler_steps": 24, "exercise_dates": 12, "fst_batch_size": 256, "fst_pad_factor": 4, "hybrid_direct_error": 0.3262663453120869, "hybrid_direct_price": 11.838474620105535, "hybrid_low_error": 0.9356878423903388, "hybrid_low_price": 10.241209504310344, "internal_steps": 2.0, "kappa1": 5.5, "kappa2": 0.1, "low_paths": 300, "low_seed": 2103, "method": "Hybrid LSMC-PDE with FFT", "option_type": "put", "paths": 300, "r": 0.02, "rho12": -0.982, "rho13": -0.727, "rho23": 0.59, "seed": 2026, "sigma_perp_sq": 0.0022480748581070686, "theta": 0.078, "time_zero_exercise_in_low": false, "v0": 0.114, "v_cap": 2.7279841899871826, "vol_basis_degree": 3, "vol_basis_size": 10, "vol_quantile": 0.999, "vp0": 0.11, "vp_cap": 0.7832404971122742, "xi1": 2.689, "xi2": 0.502}


STDERR:

RUNTIME_SECONDS: 1.133338
