LSMC benchmark for a Bermudan put
Model: generalized Gatheral double mean-reverting (gDMR)
Option type:          put
Spot:                 100.00
Strike:               100.00
Maturity:             1.00
Rate:                 0.0200
Training paths:       400
Low-estimator paths:  400
Exercise dates:       12
Euler steps:          24
Internal steps:       2
Basis degree:         3
Basis size:           16
Seed:                 2026
Low seed:             2103
Scratch root:         D:\Mara PhD\Paper-C\To be deleted\full_robustness_reruns\bgk_r02_t1_delta05_nex12_from_scratch\scratch\qa_reference\old_lsmc
LSMC direct price:    14.815815
LSMC direct error:    1.184331
LSMC low price:       10.575083
LSMC low error:       0.964432
RESULT_JSON: {"K": 100.0, "S0": 100.0, "T": 1.0, "basis_degree": 3, "basis_size": 16, "delta1": 0.5, "delta2": 0.5, "euler_steps": 24, "exercise_dates": 12, "internal_steps": 2.0, "kappa1": 5.5, "kappa2": 0.1, "low_paths": 400, "low_seed": 2103, "lsmc_direct_error": 1.184330729428973, "lsmc_direct_price": 14.81581509086277, "lsmc_low_error": 0.9644320984354842, "lsmc_low_price": 10.575083200518856, "method": "LSMC Benchmark", "option_type": "put", "paths": 400, "r": 0.02, "rho12": -0.982, "rho13": -0.727, "rho23": 0.59, "scratch_root": "D:\\Mara PhD\\Paper-C\\To be deleted\\full_robustness_reruns\\bgk_r02_t1_delta05_nex12_from_scratch\\scratch\\qa_reference\\old_lsmc", "seed": 2026, "theta": 0.078, "v0": 0.114, "vp0": 0.11, "xi1": 2.689, "xi2": 0.502}


STDERR:

RUNTIME_SECONDS: 0.160307
