COMMAND: C:\Python312\python.exe D:\Mara PhD\Paper-C\To be deleted\full_numerical_studies\bgk_r02_calibrated_t1_nex12\code\hybrid_from_scratch.py

STDOUT:
Hybrid LSMC-PDE for a Bermudan put
Implementation: from-scratch volatility-only gDMR + FFT grid engine
Spot:                           100.00
Strike:                         70.00
Maturity:                       1.00
Rate:                           0.0200
Training volatility paths:      20000
Low-estimator volatility paths: 1000
Exercise dates:                 12
Euler steps:                    24
Asset grid points:              301
FST pad factor:                 4
FST batch size:                 256
Vol basis size:                 10
Hybrid direct price:            2.711025
Hybrid direct error:            0.011329
Hybrid low price:               2.344057
Hybrid low error:               0.223779
RESULT_JSON: {"K": 70.0, "S0": 100.0, "T": 1.0, "asset_grid_points": 301, "asset_high_factor": 3.5, "asset_low_factor": 0.3, "beta2": -0.8483969934038962, "beta3": -0.22644577389170112, "delta1": 0.94, "delta2": 0.94, "euler_steps": 24, "exercise_dates": 12, "fst_batch_size": 256, "fst_pad_factor": 4, "hybrid_direct_error": 0.011329029391920953, "hybrid_direct_price": 2.711024908955607, "hybrid_low_error": 0.22377866450016323, "hybrid_low_price": 2.3440566809652394, "internal_steps": 2.0, "kappa1": 5.5, "kappa2": 0.1, "low_paths": 1000, "low_seed": 2103, "method": "Hybrid LSMC-PDE with FFT from scratch", "option_type": "put", "paths": 20000, "r": 0.02, "rho12": -0.982, "rho13": -0.727, "rho23": 0.59, "seed": 2026, "sigma_perp_sq": 0.0022480748581070686, "theta": 0.078, "time_zero_exercise_in_low": false, "v0": 0.114, "v_cap": 1.9139927625656128, "vol_basis_degree": 3, "vol_basis_size": 10, "vol_quantile": 0.999, "vp0": 0.11, "vp_cap": 0.38023677468299866, "xi1": 2.689, "xi2": 0.502}


STDERR:


EXIT_CODE: 0
RUNTIME_SECONDS: 40.563656
