COMMAND: C:\Python312\python.exe D:\Mara PhD\Paper-C\To be deleted\full_numerical_studies\bgk_r02_calibrated_t1_nex12\code\lsmc_from_scratch.py

STDOUT:
Plain LSMC from-scratch Bermudan put engine
Model: generalized Gatheral double mean-reverting (gDMR)
Spot:                 100.00
Strike:               100.00
Maturity:             1.00
Rate:                 0.0200
Training paths:       60000
Low-estimator paths:  1000
Exercise dates:       12
Euler steps:          96
Basis degree:         3
Basis size:           16
State dtype:          float32
Seed:                 2026
Low seed:             2103
Scratch root:         D:\Mara PhD\Paper-C\To be deleted\full_numerical_studies\bgk_r02_calibrated_t1_nex12\scratch\benchmark_K100_M96_N60000
LSMC direct price:    10.711736
LSMC direct error:    0.063147
LSMC low price:       10.538946
LSMC low error:       0.493680
RESULT_JSON: {"K": 100.0, "S0": 100.0, "T": 1.0, "basis_degree": 3, "basis_size": 16, "delta1": 0.94, "delta2": 0.94, "engine": "from_scratch_plain_lsmc", "euler_steps": 96, "exercise_dates": 12, "internal_steps": 8.0, "kappa1": 5.5, "kappa2": 0.1, "low_paths": 1000, "low_seed": 2103, "lsmc_direct_error": 0.06314704302526311, "lsmc_direct_price": 10.711736304409223, "lsmc_low_error": 0.49367952928154635, "lsmc_low_price": 10.538945516909484, "method": "LSMC Benchmark", "option_type": "put", "paths": 60000, "r": 0.02, "rho12": -0.982, "rho13": -0.727, "rho23": 0.59, "ridge": 1e-10, "scratch_root": "D:\\Mara PhD\\Paper-C\\To be deleted\\full_numerical_studies\\bgk_r02_calibrated_t1_nex12\\scratch\\benchmark_K100_M96_N60000", "seed": 2026, "state_dtype": "float32", "theta": 0.078, "v0": 0.114, "vp0": 0.11, "xi1": 2.689, "xi2": 0.502}


STDERR:


EXIT_CODE: 0
RUNTIME_SECONDS: 0.775527
