COMMAND: C:\Python312\python.exe D:\Mara PhD\Paper-C\To be deleted\full_numerical_studies\bgk_r05_v0114_vp009_t1_delta05_nex12\code\lsmc_from_scratch.py

STDOUT:
Plain LSMC from-scratch Bermudan put engine
Model: generalized Gatheral double mean-reverting (gDMR)
Spot:                 100.00
Strike:               100.00
Maturity:             1.00
Rate:                 0.0500
Training paths:       20000
Low-estimator paths:  1000
Exercise dates:       12
Euler steps:          24
Basis degree:         3
Basis size:           16
State dtype:          float32
Seed:                 2026
Low seed:             2103
Scratch root:         D:\Mara PhD\Paper-C\To be deleted\full_numerical_studies\bgk_r05_v0114_vp009_t1_delta05_nex12\scratch\benchmark_K100_M24_N20000
LSMC direct price:    13.956456
LSMC direct error:    0.158397
LSMC low price:       13.915787
LSMC low error:       0.729595
RESULT_JSON: {"K": 100.0, "S0": 100.0, "T": 1.0, "basis_degree": 3, "basis_size": 16, "delta1": 0.5, "delta2": 0.5, "engine": "from_scratch_plain_lsmc", "euler_steps": 24, "exercise_dates": 12, "internal_steps": 2.0, "kappa1": 2.0, "kappa2": 0.1, "low_paths": 1000, "low_seed": 2103, "lsmc_direct_error": 0.1583965889258622, "lsmc_direct_price": 13.956455699129966, "lsmc_low_error": 0.7295951370522222, "lsmc_low_price": 13.915787052416473, "method": "LSMC Benchmark", "option_type": "put", "paths": 20000, "r": 0.05, "rho12": -0.3, "rho13": -0.727, "rho23": 0.59, "ridge": 1e-10, "scratch_root": "D:\\Mara PhD\\Paper-C\\To be deleted\\full_numerical_studies\\bgk_r05_v0114_vp009_t1_delta05_nex12\\scratch\\benchmark_K100_M24_N20000", "seed": 2026, "state_dtype": "float32", "theta": 0.09, "v0": 0.114, "vp0": 0.09, "xi1": 4.0, "xi2": 0.502}


STDERR:


EXIT_CODE: 0
RUNTIME_SECONDS: 0.242179
