COMMAND: C:\Python312\python.exe D:\Mara PhD\Paper-C\To be deleted\full_numerical_studies\bgk_r05_v0114_vp009_t1_delta05_nex12\code\hybrid_from_scratch.py

STDOUT:
Hybrid LSMC-PDE for a Bermudan put
Implementation: from-scratch volatility-only gDMR + FFT grid engine
Spot:                           100.00
Strike:                         80.00
Maturity:                       1.00
Rate:                           0.0500
Training volatility paths:      40000
Low-estimator volatility paths: 1000
Exercise dates:                 12
Euler steps:                    48
Asset grid points:              301
FST pad factor:                 4
FST batch size:                 256
Vol basis size:                 10
Hybrid direct price:            6.529326
Hybrid direct error:            0.018838
Hybrid low price:               6.172460
Hybrid low error:               0.347962
RESULT_JSON: {"K": 80.0, "S0": 100.0, "T": 1.0, "asset_grid_points": 301, "asset_high_factor": 3.5, "asset_low_factor": 0.3, "beta2": 0.19777573247430585, "beta3": -0.8436876821598405, "delta1": 0.5, "delta2": 0.5, "euler_steps": 48, "exercise_dates": 12, "fst_batch_size": 256, "fst_pad_factor": 4, "hybrid_direct_error": 0.018838347216065053, "hybrid_direct_price": 6.5293259187875865, "hybrid_low_error": 0.3479619665490308, "hybrid_low_price": 6.172460381165094, "internal_steps": 4.0, "kappa1": 2.0, "kappa2": 0.1, "low_paths": 1000, "low_seed": 2103, "method": "Hybrid LSMC-PDE with FFT from scratch", "option_type": "put", "paths": 40000, "r": 0.05, "rho12": -0.3, "rho13": -0.727, "rho23": 0.59, "seed": 2026, "sigma_perp_sq": 0.44597177481208794, "theta": 0.09, "time_zero_exercise_in_low": false, "v0": 0.114, "v_cap": 9.590557098388672, "vol_basis_degree": 3, "vol_basis_size": 10, "vol_quantile": 0.999, "vp0": 0.09, "vp_cap": 0.7698215246200562, "xi1": 4.0, "xi2": 0.502}


STDERR:


EXIT_CODE: 0
RUNTIME_SECONDS: 73.839462
