COMMAND: C:\Python312\python.exe D:\Mara PhD\Paper-C\To be deleted\full_numerical_studies\bgk_r05_v0114_vp009_t1_delta05_nex12\code\hybrid_from_scratch.py

STDOUT:
Hybrid LSMC-PDE for a Bermudan put
Implementation: from-scratch volatility-only gDMR + FFT grid engine
Spot:                           100.00
Strike:                         110.00
Maturity:                       1.00
Rate:                           0.0500
Training volatility paths:      500
Low-estimator volatility paths: 500
Exercise dates:                 12
Euler steps:                    48
Asset grid points:              301
FST pad factor:                 4
FST batch size:                 256
Vol basis size:                 10
Hybrid direct price:            17.982922
Hybrid direct error:            0.319338
Hybrid low price:               17.316098
Hybrid low error:               0.772969
RESULT_JSON: {"K": 110.0, "S0": 100.0, "T": 1.0, "asset_grid_points": 301, "asset_high_factor": 3.5, "asset_low_factor": 0.3, "beta2": 0.19777573247430585, "beta3": -0.8436876821598405, "delta1": 0.5, "delta2": 0.5, "euler_steps": 48, "exercise_dates": 12, "fst_batch_size": 256, "fst_pad_factor": 4, "hybrid_direct_error": 0.3193379664123512, "hybrid_direct_price": 17.982922486022872, "hybrid_low_error": 0.7729693254324096, "hybrid_low_price": 17.316098239169587, "internal_steps": 4.0, "kappa1": 2.0, "kappa2": 0.1, "low_paths": 500, "low_seed": 2103, "method": "Hybrid LSMC-PDE with FFT from scratch", "option_type": "put", "paths": 500, "r": 0.05, "rho12": -0.3, "rho13": -0.727, "rho23": 0.59, "seed": 2026, "sigma_perp_sq": 0.44597177481208794, "theta": 0.09, "time_zero_exercise_in_low": false, "v0": 0.114, "v_cap": 8.885661125183105, "vol_basis_degree": 3, "vol_basis_size": 10, "vol_quantile": 0.999, "vp0": 0.09, "vp_cap": 0.7682065367698669, "xi1": 4.0, "xi2": 0.502}


STDERR:


EXIT_CODE: 0
RUNTIME_SECONDS: 1.954056
