COMMAND: C:\Python312\python.exe D:\Mara PhD\Paper-C\To be deleted\full_numerical_studies\bgk_r05_v0114_vp009_t1_delta05_nex12\code\hybrid_from_scratch.py

STDOUT:
Hybrid LSMC-PDE for a Bermudan put
Implementation: from-scratch volatility-only gDMR + FFT grid engine
Spot:                           100.00
Strike:                         90.00
Maturity:                       1.00
Rate:                           0.0500
Training volatility paths:      60000
Low-estimator volatility paths: 1000
Exercise dates:                 12
Euler steps:                    60
Asset grid points:              301
FST pad factor:                 4
FST batch size:                 256
Vol basis size:                 10
Hybrid direct price:            9.093704
Hybrid direct error:            0.020226
Hybrid low price:               8.666390
Hybrid low error:               0.418228
RESULT_JSON: {"K": 90.0, "S0": 100.0, "T": 1.0, "asset_grid_points": 301, "asset_high_factor": 3.5, "asset_low_factor": 0.3, "beta2": 0.19777573247430585, "beta3": -0.8436876821598405, "delta1": 0.5, "delta2": 0.5, "euler_steps": 60, "exercise_dates": 12, "fst_batch_size": 256, "fst_pad_factor": 4, "hybrid_direct_error": 0.02022625039380627, "hybrid_direct_price": 9.093704049024788, "hybrid_low_error": 0.4182284840832952, "hybrid_low_price": 8.666390443650045, "internal_steps": 5.0, "kappa1": 2.0, "kappa2": 0.1, "low_paths": 1000, "low_seed": 2103, "method": "Hybrid LSMC-PDE with FFT from scratch", "option_type": "put", "paths": 60000, "r": 0.05, "rho12": -0.3, "rho13": -0.727, "rho23": 0.59, "seed": 2026, "sigma_perp_sq": 0.44597177481208794, "theta": 0.09, "time_zero_exercise_in_low": false, "v0": 0.114, "v_cap": 9.554581642150879, "vol_basis_degree": 3, "vol_basis_size": 10, "vol_quantile": 0.999, "vp0": 0.09, "vp_cap": 0.775631844997406, "xi1": 4.0, "xi2": 0.502}


STDERR:


EXIT_CODE: 0
RUNTIME_SECONDS: 111.670529
